[11:40:18.142][INFO][CraftTweaker-EarlyInit]: CraftTweaker is running on a Minecraft 1.21.1 production server modded with platform NeoForge
[11:40:18.166][INFO][CraftTweaker-EarlyInit]: Successfully injected RecipeFS file system
[11:40:18.279][INFO][CraftTweaker-Plugins]: Successfully identified and loaded plugin crafttweaker:neoforge
[11:40:18.344][INFO][CraftTweaker-Plugins]: Successfully identified and loaded plugin crafttweaker:compatibility
[11:40:18.349][INFO][CraftTweaker-Plugins]: Successfully identified and loaded plugin crafttweaker:common
[11:40:18.353][INFO][CraftTweaker-Plugins]: Successfully identified and loaded plugin farmersdelight:crafttweaker_plugin
[11:40:19.794][INFO][CraftTweaker]: The following mods have explicit CraftTweaker support, provided through the CraftTweaker compatibility plugin:
[11:40:19.795][INFO][CraftTweaker]: - 'crafttweaker' version '21.0.38', supporting mods vanilla
[11:40:19.795][INFO][CraftTweaker]: - 'farmersdelight' version '1.3.2'
[11:40:23.640][INFO][CraftTweaker-ZenCode]: Started loading scripts for loader 'initialize'
[11:40:23.856][INFO][CraftTweaker-ZenCode]: Compiling and executing scripts
[11:40:23.874][INFO][CraftTweaker-ZenCode]: Successfully initialized modules [crafttweaker, expansions]
[11:40:23.927][INFO][CraftTweaker-ZenCode]: Execution for loader 'initialize' completed successfully
[11:40:27.613][INFO][CraftTweaker-ZenCode]: Started loading scripts for loader 'tags'
[11:40:27.644][INFO][CraftTweaker-ZenCode]: Compiling and executing scripts
[11:40:27.657][INFO][CraftTweaker-ZenCode]: Successfully initialized modules [crafttweaker, expansions]
[11:40:27.664][INFO][CraftTweaker-ZenCode]: Execution for loader 'tags' completed successfully
[11:40:28.469][INFO][CraftTweaker]: crafttweaker.reload.start
[11:40:28.477][INFO][CraftTweaker-ZenCode]: Started loading scripts for loader 'crafttweaker'
[11:40:28.493][INFO][CraftTweaker-ZenCode]: Compiling and executing scripts
[11:40:28.877][INFO][CraftTweaker-ZenCode]: Successfully initialized modules [mods, vanilla/api/network/NetworkContext, vanilla/api/network/NetworkReceiver, crafttweaker, expansions]
[11:40:28.884][INFO][CraftTweaker-ZenCode]: Execution for loader 'crafttweaker' completed successfully
[11:40:28.885][INFO][CraftTweaker]: crafttweaker.reload.complete
